// Jest Snapshot v1, https://goo.gl/fbAQLP

exports[`Button component should match snapshot 1`] = `
<DocumentFragment>
  <button
    class="inline-flex items-center min-w-32 justify-center py-2 px-5 rounded-md text-white bg-black"
    type="button"
  >
    Click Me
  </button>
</DocumentFragment>
`;
